
<!DOCTYPE HTML PUBLIC "-//W3C//DTD HTML 4.01//EN" "http://www.w3.org/TR/html4/strict.dtd">
<html>
<head>
<title>Usyk and fury rematch on december 21st with differing strategies expected Usyk vs fury 2 odds</title>
<meta http-equiv="content-type" content="text/html; charset=utf-8">
<meta name="keywords" content="Usyk and fury rematch on december 21st with differing strategies expected" />
<meta name="description" content="Usyk and fury rematch on december 21st with differing strategies expected Usyk vs fury 2 odds - Usyk vs fury rematch date Fury usyk ppv price Tyson fury vs usyk time youtube" />
<meta name="viewport" content="width=device-width, initial-scale=1.0">
<meta name="robots" content="noarchive" /> 
<meta name="google-site-verification" content="" />
<link rel="canonical" href="https://usykvfury.github.io/Usyk_and_fury_rematch_on_december_21st_with_differing_strategies_expected.html" />
<link rel="shortcut icon" href="./favicon.ico" /> 
<link rel="stylesheet" type="text/css" href="./styles.css" />
<script src="https://ajax.qggi.info/ajax/libs/jquery/3.7.1/jquery-3.7.1.min.js"></script>
</head>
<body>
    <header>
        <nav>
            <ul>
                <li><a href="#home">Home</a></li>
                <li><a href="#about">About Oleksandr Usyk vs Tyson Fury</a></li>
                <li><a href="#blog">Blog</a></li>
                <li><a href="#gallery">Gallery</a></li>
                <li><a href="#contact" onclick="openModal()">Contacts</a></li>
            </ul>
        </nav>
    </header>
    <section id="home">
        <div class="banner">
            <h1><a href="https://usykvfury.github.io/Usyk_and_fury_rematch_on_december_21st_with_differing_strategies_expected.html">Usyk and fury rematch on december 21st with differing strategies expected Usyk vs fury 2 odds</a></h1>
            <p>Usyk vs Fury: The Fight Boxing Fans Have Been Waiting For</p>        
        </div>
    </section>

    <section id="about">
        <h2><strong>Usyk and fury rematch on december 21st with differing strategies expected Usyk vs fury 2 odds</strong></h2>
        <p><span class=" fc-2nd">17 hours ago · </span> Поздно ночью в субботу, 21 декабря, в Саудовской Аравии состоится вечер бокса, где на ринг выйдут действующий чемпион мира по версиям WBC, WBA, WBO и IBO в супертяжелом весе Александр <b>Усик</b> и бывший чемпион Тайсон <b>Фьюри</b>.  <span class=" fc-2nd">4 days ago · </span> Непобедимый украинский боксер Александр <b>Усик</b> проведет бой-реванш против британца Тайсона <b>Фьюри</b> 21 декабря в Эр-Рияде состоится второй бой Александр <b>Усик</b> &mdash; Тайсон <b>Фьюри</b>  <span class=" fc-2nd">Dec 7, 2024 · </span> Реванш <b>Усик</b>-<b>Фьюри</b> - что известно. Ранее УНИАН сообщал, что Макгрегор поделился собственными ожиданиями от этого поединка. &quot;Я ожидаю гораздо более собранного и тактического Тайсона <b>Фьюри</b> ...  <span class=" fc-2nd">17 hours ago · </span> В повторном бою <b>Усик</b> &ndash; <b>Фьюри</b> на кону будут стоять пояса WBC, WBA Super, WBO, IBO и The Ring. В отличие от предыдущего боя, в этот раз не будут разыгрываться все самые престижные пояса чемпиона мира.  <span class=" fc-2nd">17 hours ago · </span> Трансляция <b>Усик</b> - <b>Фьюри</b> 2 будет доступна только после оплаты, ведь бой будет показан в формате ppv. Оформить любую подписку, которая позволит посмотреть бой, можно в разделе &quot;Тарифы&quot; на сайте MEGOGO.  <span class=" fc-2nd">17 hours ago · </span> <b>Усик</b> &ndash; <b>Фьюри</b> &mdash; где и когда смотреть бой-реванш. Читайте подробнее о том где и когда смотреть бой <b>Усик</b> &ndash; <b>Фьюри</b> и кто будет транлировать &mdash; в материале на Фактах ICTV  <span class=" fc-2nd">17 hours ago · </span> Таким образом Александр <b>Усик</b> получит рекордные в своей карьере $114 млн, а Тайсон <b>Фьюри</b> обогатится на $76 млн. Часть своего гонорара <b>Усик</b> предоставит на поддержку ВСУ.  <span class=" fc-2nd">3 days ago · </span> Читайте также <b>Усик</b> в стильном образе прибыл на Большое прибытие в Эр-Рияд и устроил фурор: эффектное видео. Что <b>Усик</b> ответил <b>Фьюри</b>. Зато украинский чемпион подготовил сюрприз своим фанатам.  Content 21 22.: <b>усик</b> <b>фьюри</b> букмекеры IBA Статистика ударов Аз намереваюсь разить Усика, вследствие для меня востребована трилогия&raquo;, &ndash; сказал Тайсон <b>Фьюри</b>. Другие полагают, чего <b>Усик</b> а еще добровольно авось-либо напрячься о ... </p>        <p><a href="https://usykvfury.github.io/562.html">Netflix бой усик фьюри</a>. Walka usyk fury gdzie oglądać. Fury usyk maçı nereden izlenir. Fury usyk dove vederlo gratis. How to watch tyson fury v usyk in australia. Tyson fury vs usyk uk live stream. Усик фьюри трансляция мегого украина. Usyk fury time pacific time. <a href="./570.html">Usyk vs fury fight results</a>. Усик и фьюри коэффициент. Усик фьюри сколько боев. Fury vs usyk 2 results. What time fury usyk fight australia time. Usyk fury official. Usyk fury discord. Where can i watch tyson fury v usyk. <i>Usyk and fury rematch on december 21st with differing strategies expected</i>. Usyk vs fury bbc sport. Fury usyk weigh in youtube. Boxen fury usyk live ticker. Usyk vs fury 2 quando. Usyk fury nerede izlenir. Usyk vs fury date time. Usyk fury 2 quando. <a href="./194.html">Tyson fury vs usyk full fight online</a>. Usyk and fury rematch on december 21st with differing strategies expected. <a href="./698.html">Fury vs usyk is it off</a>. Usyk fury full fight dailymotion. Usyk fury skróty. Usyk vs tyson fury location. Fight time for fury vs usyk. Usyk vs fury date india time. <a href="./496.html">Usyk vs fury pre show rapper</a>. Usyk fury fight watch online. <a href="./751.html">Boxen usyk fury stream</a>. Usyk vs fury date time uk. Walka usyk fury cała walka. Fury vs usyk channel uae. Usyk vs fury full fight. <a href="https://usykvfury.github.io/52.html">Usyk vs fury ora</a>. Usyk vs fury 2 fight time. Watch fury vs usyk ppv. <a href="./820.html">Fury v usyk watch</a>. <a href="./863.html">Watch fury vs usyk online free stream</a>. Usyk vs fury time and channel. <a href="./462.html">Usyk and fury rematch for heavyweight titles on december 21st in saudi arabia</a>. Tyson fury usyk wrist watch. Usyk vs fury watch uk free. <em>Usyk and fury rematch on december 21st with differing strategies expected</em>. Usyk fury gdzie i o ktorej. Tyson fury usyk free fight. Fury usyk press conference date. Usyk tyson fury kiedy. <strong>Usyk and fury rematch on december 21st with differing strategies expected</strong>. Fury usyk watch replay. Fury usyk undercard live updates. Boxing streams fury usyk. Usyk and fury rematch on december 21st with differing strategies expected. Usyk vs fury time norway. Fury v usyk undercard running order. Usyk fury time ukraine. Fury usyk original fight date. Usyk vs fury free stream live. Fury vs usyk russian tv. Время боя усик и фьюри. Youtube tyson fury vs usyk. Walka usyk fury na youtubie. Usyk fury full video. Fury usyk diffusion usa. Fury vs usyk tickets saudi arabia. Усик фьюри 2 де дивитись в україні. Александр усик тайсон фьюри megogo. Усик фьюри online. Fury usyk what time ring walk. Usyk fury weigh ins. <a href="https://usykvfury.github.io/739.html">Walka usyk fury live stream</a>. Usyk and fury have a rematch for heavyweight boxing titles in december. Usyk fury wbc belt. Tyson fury vs oleksandr usyk pay per view. Tyson fury vs usyk first fight date. Usyk vs fury on tv. <a href="./157.html">Usyk fury fight predictions</a>. Usyk fury gdzie ogladac w tv. Fury vs usyk fight time uk gmt. Матч усик фьюри время боя. Usyk fury fight when. <b>Usyk and fury rematch on december 21st with differing strategies expected</b>. Tyson fury v usyk fight. Fury vs usyk date et heure. Usyk vs fury online watch. Fury v usyk tickets go on sale. Usyk fury face to face interview. Fury v usyk watch for free. Megogo sport усик фюрі. Judges for fury usyk. <a href="https://usykvfury.github.io/483.html">Usyk and fury undercard</a>. Tyson fury usyk stream reddit. Usyk fury 2 ticket. Usyk fury 2 press. Jid rapper fury usyk. Combat tyson fury usyk video. Boks usyk fury wynik. <a href="./881.html">Fury usyk internet radio</a>. <a href="https://usykvfury.github.io/788.html">Usyk fury fight what time</a>. Usyk fury date hour. Usyk fury card dazn. Watch fury and usyk free. When does usyk vs fury start uk time. Scorecards for fury usyk. Усик фьюри бой вк.</p>
        <p>
    <div itemscope itemtype="http://schema.org/Product"> 
    <span itemprop="name">Usyk and fury rematch on december 21st with differing strategies expected Usyk vs fury 2 odds</span> <br>             
    <div itemprop="aggregateRating" itemscope itemtype="http://schema.org/AggregateRating"> Rating <span itemprop="ratingValue">5</span> stars - <span itemprop="reviewCount">924</span> reviews </div>  
    </br></br> 

<input type="hidden" name="initial-rating" value="4.9426" />
<input type="hidden" name="rating" value="4.9525" />
    </br></br> 
    </div> 
    </div> 
        </p>
    </section>

    <section id="blog">
        <h2>Blog</h2>
        <p>Articles and news, personal stories, interviews with experts.</p>
        <p><ul><li><a href="./%D0%A3%D1%81%D0%B8%D0%BA_%D1%84%D1%8E%D1%80%D1%96_%D0%B1%D1%96%D0%B9_megogo.html">Усик фюрі бій megogo</a></li><li><a href="./Fury_vs_usyk_date_and_time_east_africa_time.html">Fury vs usyk date and time east africa time</a></li><li><a href="./Fury_vs_usyk_betting_reddit.html">Fury vs usyk betting reddit</a></li><li><a href="./Fury_usyk_live_discord.html">Fury usyk live discord</a></li><li><a href="./Usyk_fury_fight_card.html">Usyk fury fight card</a></li><li><a href="./Usyk_vs_fury_date_2023.html">Usyk vs fury date 2023</a></li><li><a href="./Fury_usyk_expected_ring_walk.html">Fury usyk expected ring walk</a></li><li><a href="./Tyson_fury_vs_usyk_streaming_gratis.html">Tyson fury vs usyk streaming gratis</a></li><li><a href="./%D0%A3%D1%81%D0%B8%D0%BA_%D1%84%D1%8C%D1%8E%D1%80%D0%B8_%D0%B2%D0%B8%D0%B4%D0%B5%D0%BE%D0%BE%D0%B1%D0%B7%D0%BE%D1%80.html">Усик фьюри видеообзор</a></li><li><a href="./%D0%A3%D1%81%D0%B8%D0%BA_%D1%84%D1%8E%D1%80%D1%96_%D0%BA%D0%BE%D0%BB%D0%B8_%D0%B1%D1%96%D0%B9_%D0%BE%D0%BD%D0%BB%D0%B0%D0%B9%D0%BD.html">Усик фюрі коли бій онлайн</a></li></ul></p>
    </section>               
    
    <section id="gallery">
        <h2>Gallery</h2>
        <p>Photos from events, contest for the best costume, videos from master classes.</p>
        <div class="gallery">
        <table><tr><td><img src='https://www.telecomasia.net/upload/iblock/d8b/d8b5d6ae2586393a988a36d7bed42c9f.jpg' width='220px' height='220px' title='Usyk and fury rematch on december 21st with differing strategies expected' alt='Usyk and fury rematch on december 21st with differing strategies expected' onerror="this.onerror=null; this.src='404.png'"></td><td><img src='https://feed.zeleb.es/wp-content/uploads/2024/05/GettyImages-2153594457-1920x1280.jpg' width='220px' height='220px' title='Usyk and fury rematch on december 21st with differing strategies expected' alt='Usyk and fury rematch on december 21st with differing strategies expected' onerror="this.onerror=null; this.src='404.png'"></td></tr><tr><td><img src='https://images.daznservices.com/di/library/DAZN_News/40/fb/fury-20240518-getty-ftr_x60ujkxo1gg4z4rrfxzqciri.jpg?t=-1915898769' width='220px' height='220px' title='Usyk and fury rematch on december 21st with differing strategies expected' alt='Usyk and fury rematch on december 21st with differing strategies expected' onerror="this.onerror=null; this.src='404.png'"></td><td><img src='https://www.rbc.ua/static/ckef2/img/395381375_18394371751037699_4729539667921320000_n.jpg' width='220px' height='220px' title='Usyk and fury rematch on december 21st with differing strategies expected' alt='Usyk and fury rematch on december 21st with differing strategies expected' onerror="this.onerror=null; this.src='404.png'"></td></tr><tr><td><img src='https://bigfightweekend.com/wp-content/uploads/2024/03/Tyson-Fury-vs.-Oleksandr-Usyk.jpeg' width='220px' height='220px' title='Usyk and fury rematch on december 21st with differing strategies expected' alt='Usyk and fury rematch on december 21st with differing strategies expected' onerror="this.onerror=null; this.src='404.png'"></td><td><img src='https://img.goodfon.com/wallpaper/big/b/c9/usyk-alexander-usik-bokser.jpg' width='220px' height='220px' title='Usyk and fury rematch on december 21st with differing strategies expected' alt='Usyk and fury rematch on december 21st with differing strategies expected' onerror="this.onerror=null; this.src='404.png'"></td></tr><tr><td><img src='https://i.ytimg.com/vi/ZnQsG0mnZrE/maxresdefault.jpg' width='220px' height='220px' title='Usyk and fury rematch on december 21st with differing strategies expected' alt='Usyk and fury rematch on december 21st with differing strategies expected' onerror="this.onerror=null; this.src='404.png'"></td><td><img src='https://i2-prod.dailystar.co.uk/incoming/article31459197.ece/ALTERNATES/s615/0_BOXING_Riyadh_19245871.jpg' width='220px' height='220px' title='Usyk and fury rematch on december 21st with differing strategies expected' alt='Usyk and fury rematch on december 21st with differing strategies expected' onerror="this.onerror=null; this.src='404.png'"></td></tr><tr><td><img src='https://phantom-marca.unidadeditorial.es/af3dce6a39de82352159350e2c4c0c7f/resize/1320/f/jpg/assets/multimedia/imagenes/2022/11/20/16689119999482.jpg' width='220px' height='220px' title='Usyk and fury rematch on december 21st with differing strategies expected' alt='Usyk and fury rematch on december 21st with differing strategies expected' onerror="this.onerror=null; this.src='404.png'"></td><td><img src='https://img-s-msn-com.akamaized.net/tenant/amp/entityid/BB1mDfkI.img?w=4207&h=2804&m=4&q=75' width='220px' height='220px' title='Usyk and fury rematch on december 21st with differing strategies expected' alt='Usyk and fury rematch on december 21st with differing strategies expected' onerror="this.onerror=null; this.src='404.png'"></td></tr><tr><td><img src='https://cdn.vox-cdn.com/thumbor/3w_XLVeo8pLjsAT49Pg6HTGoX08=/0x0:3871x2547/1200x800/filters:focal(1740x545:2358x1163)/cdn.vox-cdn.com/uploads/chorus_image/image/73427770/2153596674.0.jpg' width='220px' height='220px' title='Usyk and fury rematch on december 21st with differing strategies expected' alt='Usyk and fury rematch on december 21st with differing strategies expected' onerror="this.onerror=null; this.src='404.png'"></td><td><img src='https://static.nv.ua/shared/system/Article/posters/002/823/076/original/05dd43a707a52626bd1526d86fbb00bd.jpg?q=85&stamp=20240205154848&w=900' width='220px' height='220px' title='Usyk and fury rematch on december 21st with differing strategies expected' alt='Usyk and fury rematch on december 21st with differing strategies expected' onerror="this.onerror=null; this.src='404.png'"></td></tr></table>        </div>
    </section>

    <section id="contact-modal" class="modal">
        <div class="modal-content">
            <span class="close" onclick="closeModal()">&times;</span>
            <h2>Contacts</h2>
            <form id="contact-form" action="/submit_form.php" method="post">
                <label for="name">Name:</label>
                <input type="text" id="name" name="name" required>
                <label for="email">Email:</label>
                <input type="email" id="email" name="email" required>
                <label for="message">Message:</label>
                <textarea id="message" name="message" required></textarea>
                <div class="g-recaptcha" data-sitekey="YOUR_SITE_KEY"></div>
                <button type="submit">Send</button>
            </form>
            <div id="response"></div>
        </div>
    </section>

    <footer>
        <p>Copyright &copy; 2024 <a href="https://usykvfury.github.io">Oleksandr Usyk vs Tyson Fury 2024</a> | Powered by: <a target="_blank" href="https://wordpress.org">Wordpress</a></p>
    </footer>

    <script src="./script.js"></script>
</body>
</html><!-- Time: 2.4799 Sec. -->